// Jest Snapshot v1, https://goo.gl/fbAQLP

exports[`Calculator calculator is rendering 1`] = `
"[36m<div>[39m
  [36m<div[39m
    [33mclass[39m=[32m\\"display\\"[39m
  [36m/>[39m
[36m</div>[39m"
`;
